Archive member included to satisfy reference by file (symbol)

c:/devkitpro/devkitarm/bin/../lib/gcc/arm-none-eabi/6.3.0/../../../../arm-none-eabi/lib/thumb\libg.a(lib_a-init.o)
                              c:/devkitpro/devkitarm/bin/../lib/gcc/arm-none-eabi/6.3.0/../../../../arm-none-eabi/lib/thumb/gba_crt0.o (__libc_init_array)
c:/devkitpro/devkitarm/bin/../lib/gcc/arm-none-eabi/6.3.0/../../../../arm-none-eabi/lib/thumb\libg.a(lib_a-memcpy-stub.o)
                              keys.o (memcpy)
c:/devkitpro/devkitarm/bin/../lib/gcc/arm-none-eabi/6.3.0/../../../../arm-none-eabi/lib/thumb\libsysbase.a(malloc_vars.o)
                              c:/devkitpro/devkitarm/bin/../lib/gcc/arm-none-eabi/6.3.0/../../../../arm-none-eabi/lib/thumb/gba_crt0.o (fake_heap_end)

Discarded input sections

 .text          0x00000000        0x0 c:/devkitpro/devkitarm/bin/../lib/gcc/arm-none-eabi/6.3.0/../../../../arm-none-eabi/lib/thumb/gba_crt0.o
 .data          0x00000000        0x0 c:/devkitpro/devkitarm/bin/../lib/gcc/arm-none-eabi/6.3.0/../../../../arm-none-eabi/lib/thumb/gba_crt0.o
 .bss           0x00000000        0x0 c:/devkitpro/devkitarm/bin/../lib/gcc/arm-none-eabi/6.3.0/../../../../arm-none-eabi/lib/thumb/gba_crt0.o
 .text          0x00000000        0x0 c:/devkitpro/devkitarm/bin/../lib/gcc/arm-none-eabi/6.3.0/thumb/crti.o
 .data          0x00000000        0x0 c:/devkitpro/devkitarm/bin/../lib/gcc/arm-none-eabi/6.3.0/thumb/crti.o
 .bss           0x00000000        0x0 c:/devkitpro/devkitarm/bin/../lib/gcc/arm-none-eabi/6.3.0/thumb/crti.o
 .text          0x00000000        0x0 c:/devkitpro/devkitarm/bin/../lib/gcc/arm-none-eabi/6.3.0/thumb/crtbegin.o
 .data          0x00000000        0x0 c:/devkitpro/devkitarm/bin/../lib/gcc/arm-none-eabi/6.3.0/thumb/crtbegin.o
 .bss           0x00000000        0x0 c:/devkitpro/devkitarm/bin/../lib/gcc/arm-none-eabi/6.3.0/thumb/crtbegin.o
 .data.__dso_handle
                0x00000000        0x4 c:/devkitpro/devkitarm/bin/../lib/gcc/arm-none-eabi/6.3.0/thumb/crtbegin.o
 .text          0x00000000        0x0 keys.o
 .data          0x00000000        0x0 keys.o
 .bss           0x00000000        0x0 keys.o
 .text          0x00000000        0x0 c:/devkitpro/devkitarm/bin/../lib/gcc/arm-none-eabi/6.3.0/../../../../arm-none-eabi/lib/thumb\libg.a(lib_a-init.o)
 .data          0x00000000        0x0 c:/devkitpro/devkitarm/bin/../lib/gcc/arm-none-eabi/6.3.0/../../../../arm-none-eabi/lib/thumb\libg.a(lib_a-init.o)
 .bss           0x00000000        0x0 c:/devkitpro/devkitarm/bin/../lib/gcc/arm-none-eabi/6.3.0/../../../../arm-none-eabi/lib/thumb\libg.a(lib_a-init.o)
 .text          0x00000000        0x0 c:/devkitpro/devkitarm/bin/../lib/gcc/arm-none-eabi/6.3.0/../../../../arm-none-eabi/lib/thumb\libg.a(lib_a-memcpy-stub.o)
 .data          0x00000000        0x0 c:/devkitpro/devkitarm/bin/../lib/gcc/arm-none-eabi/6.3.0/../../../../arm-none-eabi/lib/thumb\libg.a(lib_a-memcpy-stub.o)
 .bss           0x00000000        0x0 c:/devkitpro/devkitarm/bin/../lib/gcc/arm-none-eabi/6.3.0/../../../../arm-none-eabi/lib/thumb\libg.a(lib_a-memcpy-stub.o)
 .text          0x00000000        0x0 c:/devkitpro/devkitarm/bin/../lib/gcc/arm-none-eabi/6.3.0/../../../../arm-none-eabi/lib/thumb\libsysbase.a(malloc_vars.o)
 .data          0x00000000        0x0 c:/devkitpro/devkitarm/bin/../lib/gcc/arm-none-eabi/6.3.0/../../../../arm-none-eabi/lib/thumb\libsysbase.a(malloc_vars.o)
 .bss           0x00000000        0x0 c:/devkitpro/devkitarm/bin/../lib/gcc/arm-none-eabi/6.3.0/../../../../arm-none-eabi/lib/thumb\libsysbase.a(malloc_vars.o)
 .bss.fake_heap_start
                0x00000000        0x4 c:/devkitpro/devkitarm/bin/../lib/gcc/arm-none-eabi/6.3.0/../../../../arm-none-eabi/lib/thumb\libsysbase.a(malloc_vars.o)
 .text          0x00000000        0x0 c:/devkitpro/devkitarm/bin/../lib/gcc/arm-none-eabi/6.3.0/thumb/crtend.o
 .data          0x00000000        0x0 c:/devkitpro/devkitarm/bin/../lib/gcc/arm-none-eabi/6.3.0/thumb/crtend.o
 .bss           0x00000000        0x0 c:/devkitpro/devkitarm/bin/../lib/gcc/arm-none-eabi/6.3.0/thumb/crtend.o
 .text          0x00000000        0x0 c:/devkitpro/devkitarm/bin/../lib/gcc/arm-none-eabi/6.3.0/thumb/crtn.o
 .data          0x00000000        0x0 c:/devkitpro/devkitarm/bin/../lib/gcc/arm-none-eabi/6.3.0/thumb/crtn.o
 .bss           0x00000000        0x0 c:/devkitpro/devkitarm/bin/../lib/gcc/arm-none-eabi/6.3.0/thumb/crtn.o

Memory Configuration

Name             Origin             Length             Attributes
rom              0x08000000         0x02000000
iwram            0x03000000         0x00008000
ewram            0x02000000         0x00040000
*default*        0x00000000         0xffffffff

Linker script and memory map

                0x08000000                __text_start = ORIGIN (rom)
                0x02040000                __eheap_end = (ORIGIN (ewram) + LENGTH (ewram))
                0x03000000                __iwram_start = ORIGIN (iwram)
                0x03008000                __iwram_top = (ORIGIN (iwram) + LENGTH (iwram))
                0x03007fa0                __sp_irq = (__iwram_top - 0x60)
                0x03007f00                __sp_usr = (__sp_irq - 0xa0)
                0x03007ff8                __irq_flags = 0x3007ff8
                0x08000000                . = __text_start

.crt0           0x08000000      0x210
 *(.crt0)
 .crt0          0x08000000      0x210 c:/devkitpro/devkitarm/bin/../lib/gcc/arm-none-eabi/6.3.0/../../../../arm-none-eabi/lib/thumb/gba_crt0.o
                0x08000000                _start
                0x080000c4                __boot_method
                0x080000c5                __slave_number
                0x080000e0                start_vector
                0x08000210                . = ALIGN (0x4)

.init           0x08000210        0xc
 *(SORT(.init))
 .init          0x08000210        0x4 c:/devkitpro/devkitarm/bin/../lib/gcc/arm-none-eabi/6.3.0/thumb/crti.o
                0x08000210                _init
 .init          0x08000214        0x8 c:/devkitpro/devkitarm/bin/../lib/gcc/arm-none-eabi/6.3.0/thumb/crtn.o

.plt            0x0800021c        0x0
 *(.plt)
                0x0800021c                . = ALIGN (0x4)

.text           0x0800021c      0x344
 *(EXCLUDE_FILE(*.iwram*) .text)
 *(.text .stub .text.* .gnu.linkonce.t.*)
 .text.deregister_tm_clones
                0x0800021c       0x30 c:/devkitpro/devkitarm/bin/../lib/gcc/arm-none-eabi/6.3.0/thumb/crtbegin.o
 .text.register_tm_clones
                0x0800024c       0x34 c:/devkitpro/devkitarm/bin/../lib/gcc/arm-none-eabi/6.3.0/thumb/crtbegin.o
 .text.__do_global_dtors_aux
                0x08000280       0x30 c:/devkitpro/devkitarm/bin/../lib/gcc/arm-none-eabi/6.3.0/thumb/crtbegin.o
 .text.frame_dummy
                0x080002b0       0x48 c:/devkitpro/devkitarm/bin/../lib/gcc/arm-none-eabi/6.3.0/thumb/crtbegin.o
 .text.startup  0x080002f8      0x188 keys.o
                0x080002f8                main
 .text.__libc_init_array
                0x08000480       0x58 c:/devkitpro/devkitarm/bin/../lib/gcc/arm-none-eabi/6.3.0/../../../../arm-none-eabi/lib/thumb\libg.a(lib_a-init.o)
                0x08000480                __libc_init_array
 .text.memcpy   0x080004d8       0x88 c:/devkitpro/devkitarm/bin/../lib/gcc/arm-none-eabi/6.3.0/../../../../arm-none-eabi/lib/thumb\libg.a(lib_a-memcpy-stub.o)
                0x080004d8                memcpy
 *(.text.*personality*)
 *(.gnu.warning)
 *(.glue_7t)
 .glue_7t       0x08000560        0x0 linker stubs
 *(.glue_7)
 .glue_7        0x08000560        0x0 linker stubs
 *(.vfp11_veneer)
 .vfp11_veneer  0x08000560        0x0 linker stubs
                0x08000560                . = ALIGN (0x4)
                0x08000560                __text_end = .

.v4_bx          0x08000560        0x0
 .v4_bx         0x08000560        0x0 linker stubs

.iplt           0x08000560        0x0
 .iplt          0x08000560        0x0 c:/devkitpro/devkitarm/bin/../lib/gcc/arm-none-eabi/6.3.0/../../../../arm-none-eabi/lib/thumb/gba_crt0.o

.fini           0x08000560        0xc
 *(.fini)
 .fini          0x08000560        0x4 c:/devkitpro/devkitarm/bin/../lib/gcc/arm-none-eabi/6.3.0/thumb/crti.o
                0x08000560                _fini
 .fini          0x08000564        0x8 c:/devkitpro/devkitarm/bin/../lib/gcc/arm-none-eabi/6.3.0/thumb/crtn.o
                0x0800056c                . = ALIGN (0x4)

.rodata         0x0800056c       0x10
 *(.rodata)
 .rodata        0x0800056c        0xe keys.o
 *all.rodata*(*)
 *(.roda)
 *(.rodata.*)
 *(.gnu.linkonce.r*)
                0x0800057c                . = ALIGN (0x4)
 *fill*         0x0800057a        0x2 ff

.ARM.extab
 *(.ARM.extab* .gnu.linkonce.armextab.*)
                0x0800057c                __exidx_start = .

.ARM.exidx
 *(.ARM.exidx* .gnu.linkonce.armexidx.*)
                0x0800057c                __exidx_end = .

.ctors          0x0800057c        0x0
 *crtbegin.o(.ctors)
 *(EXCLUDE_FILE(*crtend.o) .ctors)
 *(SORT(.ctors.*))
 *(.ctors)
                0x0800057c                . = ALIGN (0x4)

.dtors          0x0800057c        0x0
 *crtbegin.o(.dtors)
 *(EXCLUDE_FILE(*crtend.o) .dtors)
 *(SORT(.dtors.*))
 *(.dtors)
                0x0800057c                . = ALIGN (0x4)

.eh_frame       0x0800057c        0x4
 *(.eh_frame)
 .eh_frame      0x0800057c        0x0 c:/devkitpro/devkitarm/bin/../lib/gcc/arm-none-eabi/6.3.0/thumb/crtbegin.o
 .eh_frame      0x0800057c        0x4 c:/devkitpro/devkitarm/bin/../lib/gcc/arm-none-eabi/6.3.0/thumb/crtend.o
                0x08000580                . = ALIGN (0x4)

.rel.dyn        0x08000580        0x0
 .rel.iplt      0x08000580        0x0 c:/devkitpro/devkitarm/bin/../lib/gcc/arm-none-eabi/6.3.0/../../../../arm-none-eabi/lib/thumb/gba_crt0.o

.gcc_except_table
                0x08000580        0x0
 *(.gcc_except_table)
                0x08000580                . = ALIGN (0x4)
                0x08000580                __iwram_lma = .

.iwram          0x03000000        0x0 load address 0x08000580
                0x03000000                __iwram_start__ = ABSOLUTE (.)
 *(.iwram)
 *iwram.*(.text)
                0x03000000                . = ALIGN (0x4)
                0x03000000                __iwram_end__ = ABSOLUTE (.)
                0x08000580                __data_lma = (__iwram_lma + SIZEOF (.iwram))

.bss            0x03000000       0x20
                0x03000000                __bss_start = ABSOLUTE (.)
                0x03000000                __bss_start__ = ABSOLUTE (.)
 *(.dynbss)
 *(.gnu.linkonce.b*)
 *(.bss*)
 .bss.completed.6497
                0x03000000        0x1 c:/devkitpro/devkitarm/bin/../lib/gcc/arm-none-eabi/6.3.0/thumb/crtbegin.o
 *fill*         0x03000001        0x3 
 .bss.object.6502
                0x03000004       0x18 c:/devkitpro/devkitarm/bin/../lib/gcc/arm-none-eabi/6.3.0/thumb/crtbegin.o
 .bss.fake_heap_end
                0x0300001c        0x4 c:/devkitpro/devkitarm/bin/../lib/gcc/arm-none-eabi/6.3.0/../../../../arm-none-eabi/lib/thumb\libsysbase.a(malloc_vars.o)
                0x0300001c                fake_heap_end
 *(COMMON)
                0x03000020                . = ALIGN (0x4)
                0x03000020                __bss_end__ = ABSOLUTE (.)

.data           0x03000020        0x0 load address 0x08000580
                0x03000020                __data_start__ = ABSOLUTE (.)
 *(.data)
 *(.data.*)
 *(.gnu.linkonce.d*)
                0x03000020                . = ALIGN (0x4)
                0x08000580                __preinit_lma = (__data_lma + SIZEOF (.data))

.igot.plt       0x03000000        0x0
 .igot.plt      0x03000000        0x0 c:/devkitpro/devkitarm/bin/../lib/gcc/arm-none-eabi/6.3.0/../../../../arm-none-eabi/lib/thumb/gba_crt0.o

.tm_clone_table
                0x03000000        0x0
 .tm_clone_table
                0x03000000        0x0 c:/devkitpro/devkitarm/bin/../lib/gcc/arm-none-eabi/6.3.0/thumb/crtbegin.o
 .tm_clone_table
                0x03000000        0x0 c:/devkitpro/devkitarm/bin/../lib/gcc/arm-none-eabi/6.3.0/thumb/crtend.o

.preinit_array  0x03000020        0x0 load address 0x08000580
                0x03000020                __preinit_array_start = ABSOLUTE (.)
 *(.preinit_array)
                0x03000020                __preinit_array_end = ABSOLUTE (.)
                0x08000580                __init_lma = (__preinit_lma + SIZEOF (.preinit_array))

.init_array     0x03000020        0x4 load address 0x08000580
                0x03000020                __init_array_start = ABSOLUTE (.)
 *(SORT(.init_array.*))
 *(.init_array)
 .init_array    0x03000020        0x4 c:/devkitpro/devkitarm/bin/../lib/gcc/arm-none-eabi/6.3.0/thumb/crtbegin.o
                0x03000024                __init_array_end = ABSOLUTE (.)
                0x08000584                __fini_lma = (__init_lma + SIZEOF (.init_array))

.fini_array     0x03000024        0x4 load address 0x08000584
                0x03000024                __fini_array_start = ABSOLUTE (.)
 *(SORT(.fini_array.*))
 *(.fini_array)
 .fini_array    0x03000024        0x4 c:/devkitpro/devkitarm/bin/../lib/gcc/arm-none-eabi/6.3.0/thumb/crtbegin.o
                0x03000028                __fini_array_end = ABSOLUTE (.)
                0x08000588                __jcr_lma = (__fini_lma + SIZEOF (.fini_array))

.jcr            0x03000028        0x4 load address 0x08000588
 *(.jcr)
 .jcr           0x03000028        0x0 c:/devkitpro/devkitarm/bin/../lib/gcc/arm-none-eabi/6.3.0/thumb/crtbegin.o
 .jcr           0x03000028        0x4 c:/devkitpro/devkitarm/bin/../lib/gcc/arm-none-eabi/6.3.0/thumb/crtend.o
                0x0300002c                __data_end__ = ABSOLUTE (.)
                0x0800058c                __iwram_overlay_lma = (__jcr_lma + SIZEOF (.jcr))
                0x0300002c                __iwram_overlay_start = .

.iwram0         0x0300002c        0x0 load address 0x0800058c
 *(.iwram0)
                0x0300002c                . = ALIGN (0x4)
                0x0800058c                PROVIDE (__load_start_iwram0, LOADADDR (.iwram0))
                0x0800058c                PROVIDE (__load_stop_iwram0, (LOADADDR (.iwram0) + SIZEOF (.iwram0)))

.iwram1         0x0300002c        0x0
 *(.iwram1)
                0x0300002c                . = ALIGN (0x4)
                [!provide]                PROVIDE (__load_start_iwram1, LOADADDR (.iwram1))
                [!provide]                PROVIDE (__load_stop_iwram1, (LOADADDR (.iwram1) + SIZEOF (.iwram1)))

.iwram2         0x0300002c        0x0
 *(.iwram2)
                0x0300002c                . = ALIGN (0x4)
                [!provide]                PROVIDE (__load_start_iwram2, LOADADDR (.iwram2))
                [!provide]                PROVIDE (__load_stop_iwram2, (LOADADDR (.iwram2) + SIZEOF (.iwram2)))

.iwram3         0x0300002c        0x0
 *(.iwram3)
                0x0300002c                . = ALIGN (0x4)
                [!provide]                PROVIDE (__load_start_iwram3, LOADADDR (.iwram3))
                [!provide]                PROVIDE (__load_stop_iwram3, (LOADADDR (.iwram3) + SIZEOF (.iwram3)))

.iwram4         0x0300002c        0x0
 *(.iwram4)
                0x0300002c                . = ALIGN (0x4)
                [!provide]                PROVIDE (__load_start_iwram4, LOADADDR (.iwram4))
                [!provide]                PROVIDE (__load_stop_iwram4, (LOADADDR (.iwram4) + SIZEOF (.iwram4)))

.iwram5         0x0300002c        0x0
 *(.iwram5)
                0x0300002c                . = ALIGN (0x4)
                [!provide]                PROVIDE (__load_start_iwram5, LOADADDR (.iwram5))
                [!provide]                PROVIDE (__load_stop_iwram5, (LOADADDR (.iwram5) + SIZEOF (.iwram5)))

.iwram6         0x0300002c        0x0
 *(.iwram6)
                0x0300002c                . = ALIGN (0x4)
                [!provide]                PROVIDE (__load_start_iwram6, LOADADDR (.iwram6))
                [!provide]                PROVIDE (__load_stop_iwram6, (LOADADDR (.iwram6) + SIZEOF (.iwram6)))

.iwram7         0x0300002c        0x0
 *(.iwram7)
                0x0300002c                . = ALIGN (0x4)
                [!provide]                PROVIDE (__load_start_iwram7, LOADADDR (.iwram7))
                [!provide]                PROVIDE (__load_stop_iwram7, (LOADADDR (.iwram7) + SIZEOF (.iwram7)))

.iwram8         0x0300002c        0x0
 *(.iwram8)
                0x0300002c                . = ALIGN (0x4)
                [!provide]                PROVIDE (__load_start_iwram8, LOADADDR (.iwram8))
                [!provide]                PROVIDE (__load_stop_iwram8, (LOADADDR (.iwram8) + SIZEOF (.iwram8)))

.iwram9         0x0300002c        0x0
 *(.iwram9)
                0x0300002c                . = ALIGN (0x4)
                [!provide]                PROVIDE (__load_start_iwram9, LOADADDR (.iwram9))
                [!provide]                PROVIDE (__load_stop_iwram9, (LOADADDR (.iwram9) + SIZEOF (.iwram9)))
                0x0300002c                __iwram_overlay_end = .
                0x0800058c                __ewram_lma = (__iwram_overlay_lma + (__iwram_overlay_end - __iwram_overlay_start))
                0x0300002c                __iheap_start = .
                0x02000000                __ewram_start = ORIGIN (ewram)

.ewram          0x02000000        0x0 load address 0x0800058c
 *(.ewram)
                0x02000000                . = ALIGN (0x4)
                0x02000000                __ewram_end = ABSOLUTE (.)
                0x0800058c                __pad_lma = (__ewram_lma + SIZEOF (.ewram))

.sbss           0x02000000        0x0
                0x02000000                __sbss_start__ = ABSOLUTE (.)
 *(.sbss)
                0x02000000                . = ALIGN (0x4)
                0x02000000                __sbss_end__ = ABSOLUTE (.)
                0x02000000                __end__ = ABSOLUTE (.)
                0x02000000                __eheap_start = ABSOLUTE (.)

.pad            0x02000000        0x8 load address 0x0800058c
                0x02000000        0x4 LONG 0x52416b64
                0x02000004        0x4 LONG 0x4d
                0x02000008                . = ALIGN (0x4)
                0x08000594                __rom_end__ = (__pad_lma + SIZEOF (.pad))

.stab
 *(.stab)

.stabstr
 *(.stabstr)

.stab.excl
 *(.stab.excl)

.stab.exclstr
 *(.stab.exclstr)

.stab.index
 *(.stab.index)

.stab.indexstr
 *(.stab.indexstr)

.comment        0x00000000       0x22
 *(.comment)
 .comment       0x00000000       0x22 c:/devkitpro/devkitarm/bin/../lib/gcc/arm-none-eabi/6.3.0/thumb/crtbegin.o
                                 0x23 (size before relaxing)
 .comment       0x00000022       0x23 keys.o
 .comment       0x00000022       0x23 c:/devkitpro/devkitarm/bin/../lib/gcc/arm-none-eabi/6.3.0/../../../../arm-none-eabi/lib/thumb\libg.a(lib_a-init.o)
 .comment       0x00000022       0x23 c:/devkitpro/devkitarm/bin/../lib/gcc/arm-none-eabi/6.3.0/../../../../arm-none-eabi/lib/thumb\libg.a(lib_a-memcpy-stub.o)
 .comment       0x00000022       0x23 c:/devkitpro/devkitarm/bin/../lib/gcc/arm-none-eabi/6.3.0/../../../../arm-none-eabi/lib/thumb\libsysbase.a(malloc_vars.o)
 .comment       0x00000022       0x23 c:/devkitpro/devkitarm/bin/../lib/gcc/arm-none-eabi/6.3.0/thumb/crtend.o

.debug
 *(.debug)

.line
 *(.line)

.debug_srcinfo
 *(.debug_srcinfo)

.debug_sfnames
 *(.debug_sfnames)

.debug_aranges  0x00000000       0x20
 *(.debug_aranges)
 .debug_aranges
                0x00000000       0x20 keys.o

.debug_pubnames
 *(.debug_pubnames)

.debug_info     0x00000000      0x1e9
 *(.debug_info)
 .debug_info    0x00000000      0x1e9 keys.o

.debug_abbrev   0x00000000      0x129
 *(.debug_abbrev)
 .debug_abbrev  0x00000000      0x129 keys.o

.debug_line     0x00000000       0xae
 *(.debug_line)
 .debug_line    0x00000000       0xae keys.o

.debug_frame    0x00000000       0x3c
 *(.debug_frame)
 .debug_frame   0x00000000       0x3c keys.o

.debug_str      0x00000000      0x10c
 *(.debug_str)
 .debug_str     0x00000000      0x10c keys.o
                                0x119 (size before relaxing)

.debug_loc      0x00000000      0x2ac
 *(.debug_loc)
 .debug_loc     0x00000000      0x2ac keys.o

.debug_macinfo
 *(.debug_macinfo)

.debug_weaknames
 *(.debug_weaknames)

.debug_funcnames
 *(.debug_funcnames)

.debug_typenames
 *(.debug_typenames)

.debug_varnames
 *(.debug_varnames)

.stack          0x00080000        0x0
                0x00080000                _stack = .
 *(.stack)

.note.gnu.arm.ident
 *(.note.gnu.arm.ident)

.ARM.attributes
                0x00000000       0x2c
 *(.ARM.attributes)
 .ARM.attributes
                0x00000000       0x20 c:/devkitpro/devkitarm/bin/../lib/gcc/arm-none-eabi/6.3.0/../../../../arm-none-eabi/lib/thumb/gba_crt0.o
 .ARM.attributes
                0x00000020       0x16 c:/devkitpro/devkitarm/bin/../lib/gcc/arm-none-eabi/6.3.0/thumb/crti.o
 .ARM.attributes
                0x00000036       0x30 c:/devkitpro/devkitarm/bin/../lib/gcc/arm-none-eabi/6.3.0/thumb/crtbegin.o
 .ARM.attributes
                0x00000066       0x2c keys.o
 .ARM.attributes
                0x00000092       0x30 c:/devkitpro/devkitarm/bin/../lib/gcc/arm-none-eabi/6.3.0/../../../../arm-none-eabi/lib/thumb\libg.a(lib_a-init.o)
 .ARM.attributes
                0x000000c2       0x30 c:/devkitpro/devkitarm/bin/../lib/gcc/arm-none-eabi/6.3.0/../../../../arm-none-eabi/lib/thumb\libg.a(lib_a-memcpy-stub.o)
 .ARM.attributes
                0x000000f2       0x30 c:/devkitpro/devkitarm/bin/../lib/gcc/arm-none-eabi/6.3.0/../../../../arm-none-eabi/lib/thumb\libsysbase.a(malloc_vars.o)
 .ARM.attributes
                0x00000122       0x30 c:/devkitpro/devkitarm/bin/../lib/gcc/arm-none-eabi/6.3.0/thumb/crtend.o
 .ARM.attributes
                0x00000152       0x16 c:/devkitpro/devkitarm/bin/../lib/gcc/arm-none-eabi/6.3.0/thumb/crtn.o

/DISCARD/
 *(.note.GNU-stack)
LOAD c:/devkitpro/devkitarm/bin/../lib/gcc/arm-none-eabi/6.3.0/../../../../arm-none-eabi/lib/thumb/gba_crt0.o
LOAD c:/devkitpro/devkitarm/bin/../lib/gcc/arm-none-eabi/6.3.0/thumb/crti.o
LOAD c:/devkitpro/devkitarm/bin/../lib/gcc/arm-none-eabi/6.3.0/thumb/crtbegin.o
LOAD keys.o
LOAD c:/devkitPro/libgba/lib\libmm.a
LOAD c:/devkitPro/libgba/lib\libgba.a
START GROUP
LOAD c:/devkitpro/devkitarm/bin/../lib/gcc/arm-none-eabi/6.3.0/thumb\libgcc.a
LOAD c:/devkitpro/devkitarm/bin/../lib/gcc/arm-none-eabi/6.3.0/../../../../arm-none-eabi/lib/thumb\libg.a
LOAD c:/devkitpro/devkitarm/bin/../lib/gcc/arm-none-eabi/6.3.0/../../../../arm-none-eabi/lib/thumb\libc.a
LOAD c:/devkitpro/devkitarm/bin/../lib/gcc/arm-none-eabi/6.3.0/../../../../arm-none-eabi/lib/thumb\libsysbase.a
END GROUP
LOAD c:/devkitpro/devkitarm/bin/../lib/gcc/arm-none-eabi/6.3.0/thumb/crtend.o
LOAD c:/devkitpro/devkitarm/bin/../lib/gcc/arm-none-eabi/6.3.0/thumb/crtn.o
OUTPUT(c:/devkitpro/mygames/keys/keys.elf elf32-littlearm)

.debug_ranges   0x00000000       0x28
 .debug_ranges  0x00000000       0x28 keys.o
